// Vitest Snapshot v1, https://vitest.dev/guide/snapshot.html

exports[`Toast renders 1`] = `
<div
  aria-labelledby="radix-:r4:"
  class="overlay animate toast"
  data-state="open"
  id="radix-:r3:"
  role="dialog"
  style="pointer-events: auto;"
  tabindex="-1"
>
  <h3
    class="_typography_yh5dq_162 _font-body-sm-semibold_yh5dq_45"
    id="radix-:r4:"
  >
    Hello world!
  </h3>
</div>
`;
